0<svg viewBox="-8 -4.5 16 9" xmlns="http://www.w3.org/2000/svg" xmlns:xlink="http://www.w3.org/1999/xlink" version="1.1" preserveAspectRatio="none"><g stroke-width="0.05" transform="scale(1, -1)"><g><g stroke-width="0" fill="#FFFFFF" transform="translate(-8, -4.5)" fill-opacity="1"><rect width="16" height="9" /></g><g stroke-width="0.1" stroke="#000000" fill-opacity="0"><g><g transform="translate(0, 0)"><path d="M-3,0 C-3,0 -3,0 -3,0" /></g><g transform="translate(0, 0)"><g transform="translate(16, 0)"><g><g stroke-width="0" fill="#000000" transform="translate(-8, -4.5)" fill-opacity="1"><rect width="16" height="9" /></g><g transform="scale(-1, 1)"><path stroke="#FFFFFF" d="M-3,0 C-3,0 -3,0 -3,0" /></g></g></g></g></g></g></g></g></svg>
1<svg viewBox="-8 -4.5 16 9" xmlns="http://www.w3.org/2000/svg" xmlns:xlink="http://www.w3.org/1999/xlink" version="1.1" preserveAspectRatio="none"><g stroke-width="0.05" transform="scale(1, -1)"><g><g stroke-width="0" fill="#FFFFFF" transform="translate(-8, -4.5)" fill-opacity="1"><rect width="16" height="9" /></g><g stroke-width="0.1" stroke="#000000" fill-opacity="0"><g><g transform="translate(-0.395062, 0)"><path d="M-3,0 C-3,0.16364 -2.986898,0.32422 -2.961686,0.480748" /></g><g transform="translate(-0.395062, 0)"><g transform="translate(16, 0)"><g><g stroke-width="0" fill="#000000" transform="translate(-8, -4.5)" fill-opacity="1"><rect width="16" height="9" /></g><g transform="scale(-1, 1)"><path stroke="#FFFFFF" d="M-3,0 C-3,0.16364 -2.986898,0.32422 -2.961686,0.480748" /></g></g></g></g></g></g></g></g></svg>
2<svg viewBox="-8 -4.5 16 9" xmlns="http://www.w3.org/2000/svg" xmlns:xlink="http://www.w3.org/1999/xlink" version="1.1" preserveAspectRatio="none"><g stroke-width="0.05" transform="scale(1, -1)"><g><g stroke-width="0" fill="#FFFFFF" transform="translate(-8, -4.5)" fill-opacity="1"><rect width="16" height="9" /></g><g stroke-width="0.1" stroke="#000000" fill-opacity="0"><g><g transform="translate(-1.580247, 0)"><path d="M-3,0 C-3,0.65456 -2.79037,1.260158 -2.434584,1.75332" /></g><g transform="translate(-1.580247, 0)"><g transform="translate(16, 0)"><g><g stroke-width="0" fill="#000000" transform="translate(-8, -4.5)" fill-opacity="1"><rect width="16" height="9" /></g><g transform="scale(-1, 1)"><path stroke="#FFFFFF" d="M-3,0 C-3,0.65456 -2.79037,1.260158 -2.434584,1.75332" /></g></g></g></g></g></g></g></g></svg>
3<svg viewBox="-8 -4.5 16 9" xmlns="http://www.w3.org/2000/svg" xmlns:xlink="http://www.w3.org/1999/xlink" version="1.1" preserveAspectRatio="none"><g stroke-width="0.05" transform="scale(1, -1)"><g><g stroke-width="0" fill="#FFFFFF" transform="translate(-8, -4.5)" fill-opacity="1"><rect width="16" height="9" /></g><g stroke-width="0.1" stroke="#000000" fill-opacity="0"><g><g transform="translate(-3.555556, 0)"><path d="M-3,0 C-3,1.472759 -1.938749,2.69765 -0.539254,2.951666" /></g><g transform="translate(-3.555556, 0)"><g transform="translate(16, 0)"><g><g stroke-width="0" fill="#000000" transform="translate(-8, -4.5)" fill-opacity="1"><rect width="16" height="9" /></g><g transform="scale(-1, 1)"><path stroke="#FFFFFF" d="M-3,0 C-3,1.472759 -1.938749,2.69765 -0.539254,2.951666" /></g></g></g></g></g></g></g></g></svg>
4<svg viewBox="-8 -4.5 16 9" xmlns="http://www.w3.org/2000/svg" xmlns:xlink="http://www.w3.org/1999/xlink" version="1.1" preserveAspectRatio="none"><g stroke-width="0.05" transform="scale(1, -1)"><g><g stroke-width="0" fill="#FFFFFF" transform="translate(-8, -4.5)" fill-opacity="1"><rect width="16" height="9" /></g><g stroke-width="0.1" stroke="#000000" fill-opacity="0"><g><g transform="translate(-6.320988, 0)"><path d="M-3,0 C-3,1.656854 -1.656854,3 0,3 C0.961385,3 1.817148,2.547781 2.366177,1.844455" /></g><g transform="translate(-6.320988, 0)"><g transform="translate(16, 0)"><g><g stroke-width="0" fill="#000000" transform="translate(-8, -4.5)" fill-opacity="1"><rect width="16" height="9" /></g><g transform="scale(-1, 1)"><path stroke="#FFFFFF" d="M-3,0 C-3,1.656854 -1.656854,3 0,3 C0.961385,3 1.817148,2.547781 2.366177,1.844455" /></g></g></g></g></g></g></g></g></svg>
5<svg viewBox="-8 -4.5 16 9" xmlns="http://www.w3.org/2000/svg" xmlns:xlink="http://www.w3.org/1999/xlink" version="1.1" preserveAspectRatio="none"><g stroke-width="0.05" transform="scale(1, -1)"><g><g stroke-width="0" fill="#FFFFFF" transform="translate(-8, -4.5)" fill-opacity="1"><rect width="16" height="9" /></g><g stroke-width="0.1" stroke="#000000" fill-opacity="0"><g><g transform="translate(-9.679012, 0)"><path d="M-3,0 C-3,1.656854 -1.656854,3 0,3 C1.656854,3 3,1.656854 3,0 C3,-0.69547 2.763348,-1.335666 2.366177,-1.844455" /></g><g transform="translate(-9.679012, 0)"><g transform="translate(16, 0)"><g><g stroke-width="0" fill="#000000" transform="translate(-8, -4.5)" fill-opacity="1"><rect width="16" height="9" /></g><g transform="scale(-1, 1)"><path stroke="#FFFFFF" d="M-3,0 C-3,1.656854 -1.656854,3 0,3 C1.656854,3 3,1.656854 3,0 C3,-0.69547 2.763348,-1.335666 2.366177,-1.844455" /></g></g></g></g></g></g></g></g></svg>
6<svg viewBox="-8 -4.5 16 9" xmlns="http://www.w3.org/2000/svg" xmlns:xlink="http://www.w3.org/1999/xlink" version="1.1" preserveAspectRatio="none"><g stroke-width="0.05" transform="scale(1, -1)"><g><g stroke-width="0" fill="#FFFFFF" transform="translate(-8, -4.5)" fill-opacity="1"><rect width="16" height="9" /></g><g stroke-width="0.1" stroke="#000000" fill-opacity="0"><g><g transform="translate(-12.444444, 0)"><path d="M-3,0 C-3,1.656854 -1.656854,3 0,3 C1.656854,3 3,1.656854 3,0 C3,-1.656854 1.656854,-3 0,-3 C-0.184095,-3 -0.364317,-2.983418 -0.539254,-2.951666" /></g><g transform="translate(-12.444444, 0)"><g transform="translate(16, 0)"><g><g stroke-width="0" fill="#000000" transform="translate(-8, -4.5)" fill-opacity="1"><rect width="16" height="9" /></g><g transform="scale(-1, 1)"><path stroke="#FFFFFF" d="M-3,0 C-3,1.656854 -1.656854,3 0,3 C1.656854,3 3,1.656854 3,0 C3,-1.656854 1.656854,-3 0,-3 C-0.184095,-3 -0.364317,-2.983418 -0.539254,-2.951666" /></g></g></g></g></g></g></g></g></svg>
7<svg viewBox="-8 -4.5 16 9" xmlns="http://www.w3.org/2000/svg" xmlns:xlink="http://www.w3.org/1999/xlink" version="1.1" preserveAspectRatio="none"><g stroke-width="0.05" transform="scale(1, -1)"><g><g stroke-width="0" fill="#FFFFFF" transform="translate(-8, -4.5)" fill-opacity="1"><rect width="16" height="9" /></g><g stroke-width="0.1" stroke="#000000" fill-opacity="0"><g><g transform="translate(-14.419753, 0)"><path d="M-3,0 C-3,1.656854 -1.656854,3 0,3 C1.656854,3 3,1.656854 3,0 C3,-1.656854 1.656854,-3 0,-3 C-1.002295,-3 -1.889787,-2.508475 -2.434584,-1.75332" /></g><g transform="translate(-14.419753, 0)"><g transform="translate(16, 0)"><g><g stroke-width="0" fill="#000000" transform="translate(-8, -4.5)" fill-opacity="1"><rect width="16" height="9" /></g><g transform="scale(-1, 1)"><path stroke="#FFFFFF" d="M-3,0 C-3,1.656854 -1.656854,3 0,3 C1.656854,3 3,1.656854 3,0 C3,-1.656854 1.656854,-3 0,-3 C-1.002295,-3 -1.889787,-2.508475 -2.434584,-1.75332" /></g></g></g></g></g></g></g></g></svg>
8<svg viewBox="-8 -4.5 16 9" xmlns="http://www.w3.org/2000/svg" xmlns:xlink="http://www.w3.org/1999/xlink" version="1.1" preserveAspectRatio="none"><g stroke-width="0.05" transform="scale(1, -1)"><g><g stroke-width="0" fill="#FFFFFF" transform="translate(-8, -4.5)" fill-opacity="1"><rect width="16" height="9" /></g><g stroke-width="0.1" stroke="#000000" fill-opacity="0"><g><g transform="translate(-15.604938, 0)"><path d="M-3,0 C-3,1.656854 -1.656854,3 0,3 C1.656854,3 3,1.656854 3,0 C3,-1.656854 1.656854,-3 0,-3 C-1.493214,-3 -2.731627,-1.909065 -2.961686,-0.480748" /></g><g transform="translate(-15.604938, 0)"><g transform="translate(16, 0)"><g><g stroke-width="0" fill="#000000" transform="translate(-8, -4.5)" fill-opacity="1"><rect width="16" height="9" /></g><g transform="scale(-1, 1)"><path stroke="#FFFFFF" d="M-3,0 C-3,1.656854 -1.656854,3 0,3 C1.656854,3 3,1.656854 3,0 C3,-1.656854 1.656854,-3 0,-3 C-1.493214,-3 -2.731627,-1.909065 -2.961686,-0.480748" /></g></g></g></g></g></g></g></g></svg>
9<svg viewBox="-8 -4.5 16 9" xmlns="http://www.w3.org/2000/svg" xmlns:xlink="http://www.w3.org/1999/xlink" version="1.1" preserveAspectRatio="none"><g stroke-width="0.05" transform="scale(1, -1)"><g><g stroke-width="0" fill="#FFFFFF" transform="translate(-8, -4.5)" fill-opacity="1"><rect width="16" height="9" /></g><g stroke-width="0.1" stroke="#000000" fill-opacity="0"><g><g transform="translate(-16, 0)"><path d="M-3,0 a3 3 0 1 0 6,0 3 3 0 1 0 -6,0" /></g><g transform="translate(-16, 0)"><g transform="translate(16, 0)"><g><g stroke-width="0" fill="#000000" transform="translate(-8, -4.5)" fill-opacity="1"><rect width="16" height="9" /></g><g transform="scale(-1, 1)"><path stroke="#FFFFFF" d="M-3,0 a3 3 0 1 0 6,0 3 3 0 1 0 -6,0" /></g></g></g></g></g></g></g></g></svg>
