0<svg viewBox="-8 -4.5 16 9" xmlns="http://www.w3.org/2000/svg" xmlns:xlink="http://www.w3.org/1999/xlink" version="1.1" preserveAspectRatio="none"><g stroke-width="0.05" transform="scale(1, -1)"><g><g><g stroke-width="0" fill="#000000" transform="translate(-8, -4.5)" fill-opacity="1"><rect width="16" height="9" /></g><line stroke-width="0.01" stroke="#FFFFFF" x1="-8" x2="8" y2="-4.5" /></g><g><g transform="translate(0, 4.5)"><g transform="rotate(0)"><g fill="#FFFFFF"><circle r="1" /><line stroke="#000000" y2="1" /></g></g></g></g></g></g></svg>
1<svg viewBox="-8 -4.5 16 9" xmlns="http://www.w3.org/2000/svg" xmlns:xlink="http://www.w3.org/1999/xlink" version="1.1" preserveAspectRatio="none"><g stroke-width="0.05" transform="scale(1, -1)"><g><g><g stroke-width="0" fill="#000000" transform="translate(-8, -4.5)" fill-opacity="1"><rect width="16" height="9" /></g><line stroke-width="0.01" stroke="#FFFFFF" x1="-8" x2="8" y2="-4.5" /></g><g><g transform="translate(0, 3.5)"><g transform="rotate(0)"><g fill="#FFFFFF"><circle r="1" /><line stroke="#000000" y2="1" /></g></g></g></g></g></g></svg>
2<svg viewBox="-8 -4.5 16 9" xmlns="http://www.w3.org/2000/svg" xmlns:xlink="http://www.w3.org/1999/xlink" version="1.1" preserveAspectRatio="none"><g stroke-width="0.05" transform="scale(1, -1)"><g><g><g stroke-width="0" fill="#000000" transform="translate(-8, -4.5)" fill-opacity="1"><rect width="16" height="9" /></g><line stroke-width="0.01" stroke="#FFFFFF" x1="-8" x2="8" y2="-4.5" /></g><g><g transform="translate(0, 0.623148)"><g transform="rotate(0)"><g fill="#FFFFFF"><circle r="1" /><line stroke="#000000" y2="1" /></g></g></g></g></g></g></svg>
3<svg viewBox="-8 -4.5 16 9" xmlns="http://www.w3.org/2000/svg" xmlns:xlink="http://www.w3.org/1999/xlink" version="1.1" preserveAspectRatio="none"><g stroke-width="0.05" transform="scale(1, -1)"><g><g><g stroke-width="0" fill="#000000" transform="translate(-8, -4.5)" fill-opacity="1"><rect width="16" height="9" /></g><line stroke-width="0.01" stroke="#FFFFFF" x1="-8" x2="8" y2="-4.5" /></g><g><g transform="translate(0.544434, -1.371641)"><g transform="rotate(-32.404054)"><g fill="#FFFFFF"><circle r="1" /><line stroke="#000000" y2="1" /></g></g></g></g></g></g></svg>
4<svg viewBox="-8 -4.5 16 9" xmlns="http://www.w3.org/2000/svg" xmlns:xlink="http://www.w3.org/1999/xlink" version="1.1" preserveAspectRatio="none"><g stroke-width="0.05" transform="scale(1, -1)"><g><g><g stroke-width="0" fill="#000000" transform="translate(-8, -4.5)" fill-opacity="1"><rect width="16" height="9" /></g><line stroke-width="0.01" stroke="#FFFFFF" x1="-8" x2="8" y2="-4.5" /></g><g><g transform="translate(1.709402, -1.699288)"><g transform="rotate(-101.741451)"><g fill="#FFFFFF"><circle r="1" /><line stroke="#000000" y2="1" /></g></g></g></g></g></g></svg>
5<svg viewBox="-8 -4.5 16 9" xmlns="http://www.w3.org/2000/svg" xmlns:xlink="http://www.w3.org/1999/xlink" version="1.1" preserveAspectRatio="none"><g stroke-width="0.05" transform="scale(1, -1)"><g><g><g stroke-width="0" fill="#000000" transform="translate(-8, -4.5)" fill-opacity="1"><rect width="16" height="9" /></g><line stroke-width="0.01" stroke="#FFFFFF" x1="-8" x2="8" y2="-4.5" /></g><g><g transform="translate(3.264515, -2.136663)"><g transform="rotate(-194.299838)"><g fill="#FFFFFF"><circle r="1" /><line stroke="#000000" y2="1" /></g></g></g></g></g></g></svg>
6<svg viewBox="-8 -4.5 16 9" xmlns="http://www.w3.org/2000/svg" xmlns:xlink="http://www.w3.org/1999/xlink" version="1.1" preserveAspectRatio="none"><g stroke-width="0.05" transform="scale(1, -1)"><g><g><g stroke-width="0" fill="#000000" transform="translate(-8, -4.5)" fill-opacity="1"><rect width="16" height="9" /></g><line stroke-width="0.01" stroke="#FFFFFF" x1="-8" x2="8" y2="-4.5" /></g><g><g transform="translate(5.09458, -2.651369)"><g transform="rotate(-303.223039)"><g fill="#FFFFFF"><circle r="1" /><line stroke="#000000" y2="1" /></g></g></g></g></g></g></svg>
7<svg viewBox="-8 -4.5 16 9" xmlns="http://www.w3.org/2000/svg" xmlns:xlink="http://www.w3.org/1999/xlink" version="1.1" preserveAspectRatio="none"><g stroke-width="0.05" transform="scale(1, -1)"><g><g><g stroke-width="0" fill="#000000" transform="translate(-8, -4.5)" fill-opacity="1"><rect width="16" height="9" /></g><line stroke-width="0.01" stroke="#FFFFFF" x1="-8" x2="8" y2="-4.5" /></g><g><g transform="translate(7.340372, -3.282998)"><g transform="rotate(-436.88976)"><g fill="#FFFFFF"><circle r="1" /><line stroke="#000000" y2="1" /></g></g></g></g></g></g></svg>
8<svg viewBox="-8 -4.5 16 9" xmlns="http://www.w3.org/2000/svg" xmlns:xlink="http://www.w3.org/1999/xlink" version="1.1" preserveAspectRatio="none"><g stroke-width="0.05" transform="scale(1, -1)"><g><g><g stroke-width="0" fill="#000000" transform="translate(-8, -4.5)" fill-opacity="1"><rect width="16" height="9" /></g><line stroke-width="0.01" stroke="#FFFFFF" x1="-8" x2="8" y2="-4.5" /></g><g><g transform="translate(9.775043, -4.315897)"><g transform="rotate(-581.798313)"><g fill="#FFFFFF"><circle r="1" /><line stroke="#000000" y2="1" /></g></g></g></g></g></g></svg>
9<svg viewBox="-8 -4.5 16 9" xmlns="http://www.w3.org/2000/svg" xmlns:xlink="http://www.w3.org/1999/xlink" version="1.1" preserveAspectRatio="none"><g stroke-width="0.05" transform="scale(1, -1)"><g><g><g stroke-width="0" fill="#000000" transform="translate(-8, -4.5)" fill-opacity="1"><rect width="16" height="9" /></g><line stroke-width="0.01" stroke="#FFFFFF" x1="-8" x2="8" y2="-4.5" /></g><g><g transform="translate(12.329251, -7.234268)"><g transform="rotate(-733.821586)"><g fill="#FFFFFF"><circle r="1" /><line stroke="#000000" y2="1" /></g></g></g></g></g></g></svg>
